// Jest Snapshot v1, https://goo.gl/fbAQLP

exports[`components > Skill Renders correctly default 1`] = `
<section>
  <div
    className="MuiGrid-container-1"
  >
    <div
      className="MuiGrid-item-2 MuiGrid-grid-xs-12-41"
    >
      <div
        className="MuiPaper-root-99 MuiPaper-elevation1-102 MuiPaper-rounded-100 MuiCard-root-98"
      >
        <div
          className="MuiCardContent-root-126"
        >
          <h2
            className="MuiTypography-root-127 MuiTypography-headline-132"
          >
            test
          </h2>
          <div
            className="MuiGrid-container-1"
          />
        </div>
      </div>
    </div>
  </div>
</section>
`;

exports[`components > Skill Renders correctly with categories 1`] = `
<section>
  <div
    className="MuiGrid-container-1"
  >
    <div
      className="MuiGrid-item-2 MuiGrid-grid-xs-12-41"
    >
      <div
        className="MuiPaper-root-99 MuiPaper-elevation1-102 MuiPaper-rounded-100 MuiCard-root-98"
      >
        <div
          className="MuiCardContent-root-126"
        >
          <h2
            className="MuiTypography-root-127 MuiTypography-headline-132"
          >
            test
          </h2>
          <div
            className="MuiGrid-container-1"
          >
            <div
              className="MuiGrid-item-2 MuiGrid-grid-xs-12-41 MuiGrid-grid-md-6-63 MuiGrid-grid-lg-4-75"
            >
              <li
                className="MuiListItem-root-152 MuiListItem-default-155 MuiListItem-gutters-159"
                disabled={false}
              >
                <div
                  aria-valuenow={0}
                  className="MuiCircularProgress-root-163 MuiCircularProgress-colorPrimary-166 MuiCircularProgress-static-164"
                  role="progressbar"
                  style={
                    Object {
                      "height": 40,
                      "transform": "rotate(-90deg)",
                      "width": 40,
                    }
                  }
                >
                  <svg
                    className="MuiCircularProgress-svg-168"
                    viewBox="22 22 44 44"
                  >
                    <circle
                      className="MuiCircularProgress-circle-169 MuiCircularProgress-circleStatic-170"
                      cx={44}
                      cy={44}
                      fill="none"
                      r={19.5}
                      strokeWidth={5}
                      style={
                        Object {
                          "strokeDasharray": "122.522",
                          "strokeDashoffset": "122.522px",
                        }
                      }
                    />
                  </svg>
                </div>
                <div
                  className="MuiListItemText-root-172"
                  style={
                    Object {
                      "flex": "1 1 0",
                    }
                  }
                >
                  <span
                    className="MuiTypography-root-127 MuiTypography-subheading-134 MuiListItemText-primary-175"
                  >
                    test1 | test
                  </span>
                </div>
              </li>
            </div>
            <div
              className="MuiGrid-item-2 MuiGrid-grid-xs-12-41 MuiGrid-grid-md-6-63 MuiGrid-grid-lg-4-75"
            >
              <li
                className="MuiListItem-root-152 MuiListItem-default-155 MuiListItem-gutters-159"
                disabled={false}
              >
                <div
                  aria-valuenow={0}
                  className="MuiCircularProgress-root-163 MuiCircularProgress-colorPrimary-166 MuiCircularProgress-static-164"
                  role="progressbar"
                  style={
                    Object {
                      "height": 40,
                      "transform": "rotate(-90deg)",
                      "width": 40,
                    }
                  }
                >
                  <svg
                    className="MuiCircularProgress-svg-168"
                    viewBox="22 22 44 44"
                  >
                    <circle
                      className="MuiCircularProgress-circle-169 MuiCircularProgress-circleStatic-170"
                      cx={44}
                      cy={44}
                      fill="none"
                      r={19.5}
                      strokeWidth={5}
                      style={
                        Object {
                          "strokeDasharray": "122.522",
                          "strokeDashoffset": "122.522px",
                        }
                      }
                    />
                  </svg>
                </div>
                <div
                  className="MuiListItemText-root-172"
                  style={
                    Object {
                      "flex": "1 1 0",
                    }
                  }
                >
                  <span
                    className="MuiTypography-root-127 MuiTypography-subheading-134 MuiListItemText-primary-175"
                  >
                    test2
                  </span>
                </div>
              </li>
            </div>
          </div>
        </div>
      </div>
    </div>
  </div>
</section>
`;
