// Jest Snapshot v1, https://goo.gl/fbAQLP

exports[`components > core > SideNav Renders correctly default 1`] = `
<div
  className="HiddenCss-smDown-7"
>
  <div
    className="MuiDrawer-docked-17"
  >
    <div
      className="MuiPaper-root-28 MuiPaper-elevation0-30 MuiDrawer-paper-18 SideNav-drawerPaper-1 MuiDrawer-paperAnchorLeft-19 MuiDrawer-paperAnchorDockedLeft-23"
    >
      <div>
        <header
          className="MuiPaper-root-28 MuiPaper-elevation4-34 MuiAppBar-root-55 MuiAppBar-positionStatic-59 MuiAppBar-colorPrimary-61"
        >
          <div
            className="MuiToolbar-root-63 MuiToolbar-regular-65 MuiToolbar-gutters-64"
          >
            <h1
              className="MuiTypography-root-67 MuiTypography-title-73 MuiTypography-colorInherit-86"
            >
              frank g.
            </h1>
          </div>
        </header>
        <ul
          className="MuiList-root-92 MuiList-padding-93"
        >
          <a
            aria-current={null}
            className="nav-link"
            href="/categories"
            onClick={[Function]}
          >
            <div
              className="MuiButtonBase-root-106 MuiListItem-root-96 MuiListItem-default-99 MuiListItem-gutters-103 MuiListItem-button-104"
              onBlur={[Function]}
              onFocus={[Function]}
              onKeyDown={[Function]}
              onKeyUp={[Function]}
              onMouseDown={[Function]}
              onMouseLeave={[Function]}
              onMouseUp={[Function]}
              onTouchEnd={[Function]}
              onTouchMove={[Function]}
              onTouchStart={[Function]}
              role="button"
              tabIndex="0"
            >
              <span
                aria-hidden="true"
                className="material-icons MuiIcon-root-110 MuiIcon-colorError-114 MuiListItemIcon-root-109"
              >
                build
              </span>
              <div
                className="MuiListItemText-root-117"
              >
                <span
                  className="MuiTypography-root-67 MuiTypography-subheading-74 MuiListItemText-primary-120"
                >
                  skills
                </span>
              </div>
              <span
                className="MuiTouchRipple-root-123"
              />
            </div>
          </a>
          <hr
            className="MuiDivider-root-130"
          />
          <div
            className="MuiButtonBase-root-106 MuiListItem-root-96 MuiListItem-default-99 MuiListItem-gutters-103 MuiListItem-button-104"
            onBlur={[Function]}
            onFocus={[Function]}
            onKeyDown={[Function]}
            onKeyUp={[Function]}
            onMouseDown={[Function]}
            onMouseLeave={[Function]}
            onMouseUp={[Function]}
            onTouchEnd={[Function]}
            onTouchMove={[Function]}
            onTouchStart={[Function]}
            role="button"
            tabIndex="0"
          >
            <div
              className="MuiListItemText-root-117"
            >
              <span
                className="MuiTypography-root-67 MuiTypography-subheading-74 MuiListItemText-primary-120"
              >
                version
              </span>
              <p
                className="MuiTypography-root-67 MuiTypography-body1-76 MuiTypography-colorTextSecondary-90 MuiListItemText-secondary-121"
              >
                4.2.0-react
              </p>
            </div>
            <span
              className="MuiTouchRipple-root-123"
            />
          </div>
        </ul>
      </div>
    </div>
  </div>
</div>
`;
